<testsuites name="jest tests">
</testsuites>